> Task :gradle-plugin:settings-plugin:checkKotlinGradlePluginConfigurationErrors
> Task :gradle-plugin:settings-plugin:compileKotlin UP-TO-DATE
> Task :gradle-plugin:settings-plugin:compileJava NO-SOURCE
> Task :gradle-plugin:settings-plugin:pluginDescriptors UP-TO-DATE
> Task :gradle-plugin:settings-plugin:processResources UP-TO-DATE
> Task :gradle-plugin:settings-plugin:classes UP-TO-DATE
> Task :gradle-plugin:settings-plugin:jar UP-TO-DATE
> Task :gradle-plugin:react-native-gradle-plugin:checkKotlinGradlePluginConfigurationErrors
> Task :gradle-plugin:react-native-gradle-plugin:compileKotlin UP-TO-DATE
> Task :gradle-plugin:react-native-gradle-plugin:compileJava NO-SOURCE
> Task :gradle-plugin:react-native-gradle-plugin:pluginDescriptors UP-TO-DATE
> Task :gradle-plugin:react-native-gradle-plugin:processResources UP-TO-DATE
> Task :gradle-plugin:react-native-gradle-plugin:classes UP-TO-DATE
> Task :gradle-plugin:react-native-gradle-plugin:jar UP-TO-DATE

> Configure project :expo

Using expo modules
  - [32mexpo-asset[0m (10.0.10)
  - [32mexpo-camera[0m (15.0.16)
  - [32mexpo-constants[0m (16.0.2)
  - [32mexpo-file-system[0m (17.0.1)
  - [32mexpo-font[0m (12.0.10)
  - [32mexpo-keep-awake[0m (13.0.2)
  - [32mexpo-linear-gradient[0m (13.0.2)
  - [32mexpo-modules-core[0m (1.12.26)
  - [32mexpo-splash-screen[0m (0.27.7)


> Task :app:buildKotlinToolingMetadata UP-TO-DATE
> Task :app:checkKotlinGradlePluginConfigurationErrors
> Task :app:generateCodegenSchemaFromJavaScript SKIPPED
> Task :app:generateCodegenArtifactsFromSchema SKIPPED
> Task :app:generatePackageList
> Task :app:preBuild
> Task :app:preReleaseBuild
> Task :app:generateReleaseBuildConfig UP-TO-DATE
> Task :expo:generateExpoModulesPackageListTask
> Task :expo:preBuild
> Task :expo:preReleaseBuild
> Task :expo:writeReleaseAarMetadata UP-TO-DATE
> Task :expo-asset:preBuild UP-TO-DATE
> Task :expo-asset:preReleaseBuild UP-TO-DATE
> Task :expo-asset:writeReleaseAarMetadata UP-TO-DATE
> Task :expo-camera:preBuild UP-TO-DATE
> Task :expo-camera:preReleaseBuild UP-TO-DATE
> Task :expo-constants:createExpoConfig UP-TO-DATE
> Task :expo-constants:preBuild UP-TO-DATE
> Task :expo-constants:preReleaseBuild UP-TO-DATE
> Task :expo-constants:writeReleaseAarMetadata UP-TO-DATE
> Task :expo-file-system:preBuild UP-TO-DATE
> Task :expo-file-system:preReleaseBuild UP-TO-DATE
> Task :expo-file-system:writeReleaseAarMetadata UP-TO-DATE
> Task :expo-font:preBuild UP-TO-DATE
> Task :expo-font:preReleaseBuild UP-TO-DATE
> Task :expo-font:writeReleaseAarMetadata UP-TO-DATE
> Task :expo-keep-awake:preBuild UP-TO-DATE
> Task :expo-keep-awake:preReleaseBuild UP-TO-DATE
> Task :expo-keep-awake:writeReleaseAarMetadata UP-TO-DATE
> Task :expo-linear-gradient:preBuild UP-TO-DATE
> Task :expo-linear-gradient:preReleaseBuild UP-TO-DATE
> Task :expo-linear-gradient:writeReleaseAarMetadata UP-TO-DATE
> Task :expo-modules-core:preBuild UP-TO-DATE
> Task :expo-modules-core:preReleaseBuild UP-TO-DATE
> Task :expo-modules-core:writeReleaseAarMetadata UP-TO-DATE
> Task :expo-splash-screen:preBuild UP-TO-DATE
> Task :expo-splash-screen:preReleaseBuild UP-TO-DATE
> Task :expo-splash-screen:writeReleaseAarMetadata UP-TO-DATE
> Task :react-native-safe-area-context:preBuild UP-TO-DATE
> Task :react-native-safe-area-context:preReleaseBuild UP-TO-DATE
> Task :react-native-safe-area-context:writeReleaseAarMetadata UP-TO-DATE
> Task :react-native-svg:preBuild UP-TO-DATE
> Task :react-native-svg:preReleaseBuild UP-TO-DATE
> Task :react-native-svg:writeReleaseAarMetadata UP-TO-DATE
> Task :expo-camera:writeReleaseAarMetadata

> Task :app:createBundleReleaseJsAndAssets
Starting Metro Bundler
warning: Bundler cache is empty, rebuilding (this may take a minute)
Android Bundled 7522ms F:\workSpace2029\nulla\node_modules\expo\AppEntry.js (741 modules)
Writing bundle output to: android\app\build\generated\assets\createBundleReleaseJsAndAssets\index.android.bundle
Writing sourcemap output to: android\app\build\intermediates\sourcemaps\react\release\index.android.bundle.packager.map
Copying 33 asset files
Done writing bundle output
Done writing sourcemap output

> Task :app:generateReleaseResValues UP-TO-DATE
> Task :expo:generateReleaseResValues UP-TO-DATE
> Task :expo:generateReleaseResources UP-TO-DATE
> Task :expo:packageReleaseResources UP-TO-DATE
> Task :expo-asset:generateReleaseResValues UP-TO-DATE
> Task :expo-asset:generateReleaseResources UP-TO-DATE
> Task :expo-asset:packageReleaseResources UP-TO-DATE
> Task :expo-camera:generateReleaseResValues
> Task :expo-camera:generateReleaseResources
> Task :app:checkReleaseAarMetadata
> Task :expo-camera:packageReleaseResources
> Task :expo-constants:generateReleaseResValues UP-TO-DATE
> Task :expo-constants:generateReleaseResources UP-TO-DATE
> Task :expo-constants:packageReleaseResources UP-TO-DATE
> Task :expo-file-system:generateReleaseResValues UP-TO-DATE
> Task :expo-file-system:generateReleaseResources UP-TO-DATE
> Task :expo-file-system:packageReleaseResources UP-TO-DATE
> Task :expo-font:generateReleaseResValues UP-TO-DATE
> Task :expo-font:generateReleaseResources UP-TO-DATE
> Task :expo-font:packageReleaseResources UP-TO-DATE
> Task :expo-keep-awake:generateReleaseResValues UP-TO-DATE
> Task :expo-keep-awake:generateReleaseResources UP-TO-DATE
> Task :expo-keep-awake:packageReleaseResources UP-TO-DATE
> Task :expo-linear-gradient:generateReleaseResValues UP-TO-DATE
> Task :expo-linear-gradient:generateReleaseResources UP-TO-DATE
> Task :expo-linear-gradient:packageReleaseResources UP-TO-DATE
> Task :expo-modules-core:generateReleaseResValues UP-TO-DATE
> Task :expo-modules-core:generateReleaseResources UP-TO-DATE
> Task :expo-modules-core:packageReleaseResources UP-TO-DATE
> Task :expo-splash-screen:generateReleaseResValues UP-TO-DATE
> Task :expo-splash-screen:generateReleaseResources UP-TO-DATE
> Task :expo-splash-screen:packageReleaseResources UP-TO-DATE
> Task :react-native-safe-area-context:generateReleaseResValues UP-TO-DATE
> Task :react-native-safe-area-context:generateReleaseResources UP-TO-DATE
> Task :react-native-safe-area-context:packageReleaseResources UP-TO-DATE
> Task :react-native-svg:generateReleaseResValues UP-TO-DATE
> Task :react-native-svg:generateReleaseResources UP-TO-DATE
> Task :react-native-svg:packageReleaseResources UP-TO-DATE
> Task :app:mapReleaseSourceSetPaths
> Task :app:generateReleaseResources UP-TO-DATE
> Task :app:packageReleaseResources
> Task :app:createReleaseCompatibleScreenManifests UP-TO-DATE
> Task :app:extractDeepLinksRelease UP-TO-DATE
> Task :expo:extractDeepLinksRelease UP-TO-DATE
> Task :expo:processReleaseManifest UP-TO-DATE
> Task :expo-asset:extractDeepLinksRelease UP-TO-DATE
> Task :expo-asset:processReleaseManifest UP-TO-DATE
> Task :expo-camera:extractDeepLinksRelease
> Task :app:parseReleaseLocalResources
> Task :expo-constants:extractDeepLinksRelease UP-TO-DATE
> Task :expo-constants:processReleaseManifest UP-TO-DATE
> Task :expo-file-system:extractDeepLinksRelease UP-TO-DATE
> Task :expo-file-system:processReleaseManifest UP-TO-DATE
> Task :expo-font:extractDeepLinksRelease UP-TO-DATE
> Task :expo-font:processReleaseManifest UP-TO-DATE
> Task :expo-keep-awake:extractDeepLinksRelease UP-TO-DATE
> Task :expo-keep-awake:processReleaseManifest UP-TO-DATE
> Task :expo-linear-gradient:extractDeepLinksRelease UP-TO-DATE
> Task :expo-linear-gradient:processReleaseManifest UP-TO-DATE
> Task :expo-modules-core:extractDeepLinksRelease UP-TO-DATE
> Task :expo-modules-core:processReleaseManifest UP-TO-DATE
> Task :expo-splash-screen:extractDeepLinksRelease UP-TO-DATE
> Task :expo-splash-screen:processReleaseManifest UP-TO-DATE
> Task :react-native-safe-area-context:extractDeepLinksRelease UP-TO-DATE
> Task :react-native-safe-area-context:processReleaseManifest UP-TO-DATE
> Task :react-native-svg:extractDeepLinksRelease UP-TO-DATE
> Task :react-native-svg:processReleaseManifest UP-TO-DATE
> Task :expo:compileReleaseLibraryResources UP-TO-DATE
> Task :expo:parseReleaseLocalResources UP-TO-DATE
> Task :expo:generateReleaseRFile UP-TO-DATE
> Task :expo-asset:compileReleaseLibraryResources UP-TO-DATE
> Task :expo-asset:parseReleaseLocalResources UP-TO-DATE
> Task :expo-asset:generateReleaseRFile UP-TO-DATE
> Task :expo-camera:processReleaseManifest
> Task :expo-camera:compileReleaseLibraryResources
> Task :expo-camera:parseReleaseLocalResources

> Task :app:processReleaseMainManifest
F:\workSpace2029\nulla\android\app\src\main\AndroidManifest.xml Warning:
	provider#expo.modules.filesystem.FileSystemFileProvider@android:authorities was tagged at AndroidManifest.xml:0 to replace other declarations but no other declaration present

> Task :app:processReleaseManifest
> Task :expo-constants:compileReleaseLibraryResources UP-TO-DATE
> Task :expo-constants:parseReleaseLocalResources UP-TO-DATE
> Task :expo-constants:generateReleaseRFile UP-TO-DATE
> Task :expo-file-system:compileReleaseLibraryResources UP-TO-DATE
> Task :expo-file-system:parseReleaseLocalResources UP-TO-DATE
> Task :expo-file-system:generateReleaseRFile UP-TO-DATE
> Task :expo-font:compileReleaseLibraryResources UP-TO-DATE
> Task :expo-font:parseReleaseLocalResources UP-TO-DATE
> Task :expo-font:generateReleaseRFile UP-TO-DATE
> Task :expo-keep-awake:compileReleaseLibraryResources UP-TO-DATE
> Task :expo-keep-awake:parseReleaseLocalResources UP-TO-DATE
> Task :expo-keep-awake:generateReleaseRFile UP-TO-DATE
> Task :expo-linear-gradient:compileReleaseLibraryResources UP-TO-DATE
> Task :expo-linear-gradient:parseReleaseLocalResources UP-TO-DATE
> Task :expo-linear-gradient:generateReleaseRFile UP-TO-DATE
> Task :expo-modules-core:compileReleaseLibraryResources UP-TO-DATE
> Task :expo-modules-core:parseReleaseLocalResources UP-TO-DATE
> Task :expo-modules-core:generateReleaseRFile UP-TO-DATE
> Task :expo-splash-screen:compileReleaseLibraryResources UP-TO-DATE
> Task :expo-splash-screen:parseReleaseLocalResources UP-TO-DATE
> Task :expo-splash-screen:generateReleaseRFile UP-TO-DATE
> Task :expo-camera:generateReleaseRFile
> Task :react-native-safe-area-context:compileReleaseLibraryResources UP-TO-DATE
> Task :react-native-safe-area-context:parseReleaseLocalResources UP-TO-DATE
> Task :react-native-safe-area-context:generateReleaseRFile UP-TO-DATE
> Task :react-native-svg:compileReleaseLibraryResources UP-TO-DATE
> Task :react-native-svg:parseReleaseLocalResources UP-TO-DATE
> Task :react-native-svg:generateReleaseRFile UP-TO-DATE
> Task :expo:checkKotlinGradlePluginConfigurationErrors
> Task :expo:generateReleaseBuildConfig UP-TO-DATE
> Task :expo-asset:checkKotlinGradlePluginConfigurationErrors
> Task :expo-asset:generateReleaseBuildConfig UP-TO-DATE
> Task :expo-modules-core:checkKotlinGradlePluginConfigurationErrors
> Task :expo-modules-core:generateReleaseBuildConfig UP-TO-DATE
> Task :expo-modules-core:compileReleaseKotlin UP-TO-DATE
> Task :expo-modules-core:javaPreCompileRelease UP-TO-DATE
> Task :expo-modules-core:compileReleaseJavaWithJavac UP-TO-DATE
> Task :expo-modules-core:bundleLibCompileToJarRelease UP-TO-DATE
> Task :expo-asset:compileReleaseKotlin UP-TO-DATE
> Task :expo-asset:javaPreCompileRelease UP-TO-DATE
> Task :expo-asset:compileReleaseJavaWithJavac UP-TO-DATE
> Task :expo-asset:bundleLibCompileToJarRelease UP-TO-DATE
> Task :expo-camera:checkKotlinGradlePluginConfigurationErrors
> Task :expo-camera:generateReleaseBuildConfig
> Task :expo-constants:checkKotlinGradlePluginConfigurationErrors
> Task :expo-constants:generateReleaseBuildConfig UP-TO-DATE
> Task :expo-camera:javaPreCompileRelease
> Task :expo-constants:compileReleaseKotlin UP-TO-DATE
> Task :expo-constants:javaPreCompileRelease UP-TO-DATE
> Task :expo-constants:compileReleaseJavaWithJavac UP-TO-DATE
> Task :expo-constants:bundleLibCompileToJarRelease UP-TO-DATE
> Task :expo-file-system:checkKotlinGradlePluginConfigurationErrors
> Task :expo-file-system:generateReleaseBuildConfig UP-TO-DATE
> Task :expo-file-system:compileReleaseKotlin UP-TO-DATE
> Task :expo-file-system:javaPreCompileRelease UP-TO-DATE
> Task :expo-file-system:compileReleaseJavaWithJavac UP-TO-DATE
> Task :expo-file-system:bundleLibCompileToJarRelease UP-TO-DATE
> Task :expo-font:checkKotlinGradlePluginConfigurationErrors
> Task :expo-font:generateReleaseBuildConfig UP-TO-DATE
> Task :expo-font:compileReleaseKotlin UP-TO-DATE
> Task :expo-font:javaPreCompileRelease UP-TO-DATE
> Task :expo-font:compileReleaseJavaWithJavac UP-TO-DATE
> Task :expo-font:bundleLibCompileToJarRelease UP-TO-DATE
> Task :expo-keep-awake:checkKotlinGradlePluginConfigurationErrors
> Task :expo-keep-awake:generateReleaseBuildConfig UP-TO-DATE
> Task :expo-keep-awake:compileReleaseKotlin UP-TO-DATE
> Task :expo-keep-awake:javaPreCompileRelease UP-TO-DATE
> Task :expo-keep-awake:compileReleaseJavaWithJavac UP-TO-DATE
> Task :expo-keep-awake:bundleLibCompileToJarRelease UP-TO-DATE
> Task :expo-linear-gradient:checkKotlinGradlePluginConfigurationErrors
> Task :expo-linear-gradient:generateReleaseBuildConfig UP-TO-DATE
> Task :expo-linear-gradient:compileReleaseKotlin UP-TO-DATE
> Task :expo-linear-gradient:javaPreCompileRelease UP-TO-DATE
> Task :expo-linear-gradient:compileReleaseJavaWithJavac UP-TO-DATE
> Task :expo-linear-gradient:bundleLibCompileToJarRelease UP-TO-DATE
> Task :expo-splash-screen:checkKotlinGradlePluginConfigurationErrors
> Task :expo-splash-screen:generateReleaseBuildConfig UP-TO-DATE
> Task :expo-splash-screen:compileReleaseKotlin UP-TO-DATE
> Task :expo-splash-screen:javaPreCompileRelease UP-TO-DATE
> Task :expo-splash-screen:compileReleaseJavaWithJavac UP-TO-DATE
> Task :expo-splash-screen:bundleLibCompileToJarRelease UP-TO-DATE
> Task :expo:javaPreCompileRelease UP-TO-DATE
> Task :react-native-safe-area-context:checkKotlinGradlePluginConfigurationErrors
> Task :react-native-safe-area-context:generateReleaseBuildConfig UP-TO-DATE
> Task :react-native-safe-area-context:compileReleaseKotlin UP-TO-DATE
> Task :react-native-safe-area-context:javaPreCompileRelease UP-TO-DATE
> Task :react-native-safe-area-context:compileReleaseJavaWithJavac UP-TO-DATE
> Task :react-native-safe-area-context:bundleLibCompileToJarRelease UP-TO-DATE
> Task :react-native-svg:generateReleaseBuildConfig UP-TO-DATE
> Task :react-native-svg:javaPreCompileRelease UP-TO-DATE
> Task :react-native-svg:compileReleaseJavaWithJavac UP-TO-DATE
> Task :react-native-svg:bundleLibCompileToJarRelease UP-TO-DATE
> Task :app:javaPreCompileRelease UP-TO-DATE
> Task :app:extractProguardFiles UP-TO-DATE
> Task :expo:mergeReleaseJniLibFolders UP-TO-DATE
> Task :expo:mergeReleaseNativeLibs NO-SOURCE
> Task :expo:stripReleaseDebugSymbols NO-SOURCE
> Task :expo:copyReleaseJniLibsProjectAndLocalJars UP-TO-DATE
> Task :expo:extractDeepLinksForAarRelease UP-TO-DATE
> Task :expo:mergeReleaseShaders UP-TO-DATE
> Task :expo:compileReleaseShaders NO-SOURCE
> Task :expo:generateReleaseAssets UP-TO-DATE
> Task :expo:packageReleaseAssets UP-TO-DATE
> Task :expo:prepareLintJarForPublish UP-TO-DATE
> Task :expo:prepareReleaseArtProfile UP-TO-DATE
> Task :expo-asset:mergeReleaseJniLibFolders UP-TO-DATE
> Task :expo-asset:mergeReleaseNativeLibs NO-SOURCE
> Task :expo-asset:stripReleaseDebugSymbols NO-SOURCE
> Task :expo-asset:copyReleaseJniLibsProjectAndLocalJars UP-TO-DATE
> Task :expo-asset:extractDeepLinksForAarRelease UP-TO-DATE
> Task :expo-asset:extractReleaseAnnotations UP-TO-DATE
> Task :expo-asset:mergeReleaseGeneratedProguardFiles UP-TO-DATE
> Task :expo-asset:mergeReleaseConsumerProguardFiles UP-TO-DATE
> Task :expo-asset:mergeReleaseShaders UP-TO-DATE
> Task :expo-asset:compileReleaseShaders NO-SOURCE
> Task :expo-asset:generateReleaseAssets UP-TO-DATE
> Task :expo-asset:packageReleaseAssets UP-TO-DATE
> Task :expo-asset:prepareLintJarForPublish UP-TO-DATE
> Task :expo-asset:prepareReleaseArtProfile UP-TO-DATE
> Task :expo-asset:processReleaseJavaRes UP-TO-DATE
> Task :expo-asset:mergeReleaseJavaResource UP-TO-DATE
> Task :expo-asset:syncReleaseLibJars UP-TO-DATE
> Task :expo-asset:bundleReleaseLocalLintAar UP-TO-DATE
> Task :expo-camera:mergeReleaseJniLibFolders
> Task :expo-camera:mergeReleaseNativeLibs NO-SOURCE
> Task :expo-camera:stripReleaseDebugSymbols NO-SOURCE
> Task :expo-camera:copyReleaseJniLibsProjectAndLocalJars
> Task :expo-camera:extractDeepLinksForAarRelease
> Task :expo-camera:mergeReleaseShaders
> Task :expo-camera:compileReleaseShaders NO-SOURCE
> Task :expo-camera:generateReleaseAssets UP-TO-DATE
> Task :expo-camera:packageReleaseAssets
> Task :expo-camera:prepareLintJarForPublish
> Task :expo-camera:prepareReleaseArtProfile
> Task :expo-constants:mergeReleaseJniLibFolders UP-TO-DATE
> Task :expo-constants:mergeReleaseNativeLibs NO-SOURCE
> Task :expo-constants:stripReleaseDebugSymbols NO-SOURCE
> Task :expo-constants:copyReleaseJniLibsProjectAndLocalJars UP-TO-DATE
> Task :expo-constants:extractDeepLinksForAarRelease UP-TO-DATE
> Task :expo-constants:extractReleaseAnnotations UP-TO-DATE
> Task :expo-constants:mergeReleaseGeneratedProguardFiles UP-TO-DATE
> Task :expo-constants:mergeReleaseConsumerProguardFiles UP-TO-DATE
> Task :expo-constants:mergeReleaseShaders UP-TO-DATE
> Task :expo-constants:compileReleaseShaders NO-SOURCE
> Task :expo-constants:generateReleaseAssets UP-TO-DATE
> Task :expo-constants:packageReleaseAssets UP-TO-DATE
> Task :expo-constants:prepareLintJarForPublish UP-TO-DATE
> Task :expo-constants:prepareReleaseArtProfile UP-TO-DATE
> Task :expo-constants:processReleaseJavaRes UP-TO-DATE
> Task :expo-constants:mergeReleaseJavaResource UP-TO-DATE
> Task :expo-constants:syncReleaseLibJars UP-TO-DATE
> Task :expo-constants:bundleReleaseLocalLintAar UP-TO-DATE
> Task :expo-file-system:mergeReleaseJniLibFolders UP-TO-DATE
> Task :expo-file-system:mergeReleaseNativeLibs NO-SOURCE
> Task :expo-file-system:stripReleaseDebugSymbols NO-SOURCE
> Task :expo-file-system:copyReleaseJniLibsProjectAndLocalJars UP-TO-DATE
> Task :expo-file-system:extractDeepLinksForAarRelease UP-TO-DATE
> Task :expo-file-system:extractReleaseAnnotations UP-TO-DATE
> Task :expo-file-system:mergeReleaseGeneratedProguardFiles UP-TO-DATE
> Task :expo-file-system:mergeReleaseConsumerProguardFiles UP-TO-DATE
> Task :expo-file-system:mergeReleaseShaders UP-TO-DATE
> Task :expo-file-system:compileReleaseShaders NO-SOURCE
> Task :expo-file-system:generateReleaseAssets UP-TO-DATE
> Task :expo-file-system:packageReleaseAssets UP-TO-DATE
> Task :expo-file-system:prepareLintJarForPublish UP-TO-DATE
> Task :expo-file-system:prepareReleaseArtProfile UP-TO-DATE
> Task :expo-file-system:processReleaseJavaRes UP-TO-DATE
> Task :expo-file-system:mergeReleaseJavaResource UP-TO-DATE
> Task :expo-file-system:syncReleaseLibJars UP-TO-DATE
> Task :expo-file-system:bundleReleaseLocalLintAar UP-TO-DATE
> Task :expo-font:mergeReleaseJniLibFolders UP-TO-DATE
> Task :expo-font:mergeReleaseNativeLibs NO-SOURCE
> Task :expo-font:stripReleaseDebugSymbols NO-SOURCE
> Task :expo-font:copyReleaseJniLibsProjectAndLocalJars UP-TO-DATE
> Task :expo-font:extractDeepLinksForAarRelease UP-TO-DATE
> Task :expo-font:extractReleaseAnnotations UP-TO-DATE
> Task :expo-font:mergeReleaseGeneratedProguardFiles UP-TO-DATE
> Task :expo-font:mergeReleaseConsumerProguardFiles UP-TO-DATE
> Task :expo-font:mergeReleaseShaders UP-TO-DATE
> Task :expo-font:compileReleaseShaders NO-SOURCE
> Task :expo-font:generateReleaseAssets UP-TO-DATE
> Task :expo-font:packageReleaseAssets UP-TO-DATE
> Task :expo-font:prepareLintJarForPublish UP-TO-DATE
> Task :expo-font:prepareReleaseArtProfile UP-TO-DATE
> Task :expo-font:processReleaseJavaRes UP-TO-DATE
> Task :expo-font:mergeReleaseJavaResource UP-TO-DATE
> Task :expo-font:syncReleaseLibJars UP-TO-DATE
> Task :expo-font:bundleReleaseLocalLintAar UP-TO-DATE
> Task :expo-keep-awake:mergeReleaseJniLibFolders UP-TO-DATE
> Task :expo-keep-awake:mergeReleaseNativeLibs NO-SOURCE
> Task :expo-keep-awake:stripReleaseDebugSymbols NO-SOURCE
> Task :expo-keep-awake:copyReleaseJniLibsProjectAndLocalJars UP-TO-DATE
> Task :expo-keep-awake:extractDeepLinksForAarRelease UP-TO-DATE
> Task :expo-keep-awake:extractReleaseAnnotations UP-TO-DATE
> Task :expo-keep-awake:mergeReleaseGeneratedProguardFiles UP-TO-DATE
> Task :expo-keep-awake:mergeReleaseConsumerProguardFiles UP-TO-DATE
> Task :expo-keep-awake:mergeReleaseShaders UP-TO-DATE
> Task :expo-keep-awake:compileReleaseShaders NO-SOURCE
> Task :expo-keep-awake:generateReleaseAssets UP-TO-DATE
> Task :expo-keep-awake:packageReleaseAssets UP-TO-DATE
> Task :expo-keep-awake:prepareLintJarForPublish UP-TO-DATE
> Task :expo-keep-awake:prepareReleaseArtProfile UP-TO-DATE
> Task :expo-keep-awake:processReleaseJavaRes UP-TO-DATE
> Task :expo-keep-awake:mergeReleaseJavaResource UP-TO-DATE
> Task :expo-keep-awake:syncReleaseLibJars UP-TO-DATE
> Task :expo-keep-awake:bundleReleaseLocalLintAar UP-TO-DATE
> Task :expo-linear-gradient:mergeReleaseJniLibFolders UP-TO-DATE
> Task :expo-linear-gradient:mergeReleaseNativeLibs NO-SOURCE
> Task :expo-linear-gradient:stripReleaseDebugSymbols NO-SOURCE
> Task :expo-linear-gradient:copyReleaseJniLibsProjectAndLocalJars UP-TO-DATE
> Task :expo-linear-gradient:extractDeepLinksForAarRelease UP-TO-DATE
> Task :expo-linear-gradient:extractReleaseAnnotations UP-TO-DATE
> Task :expo-linear-gradient:mergeReleaseGeneratedProguardFiles UP-TO-DATE
> Task :expo-linear-gradient:mergeReleaseConsumerProguardFiles UP-TO-DATE
> Task :expo-linear-gradient:mergeReleaseShaders UP-TO-DATE
> Task :expo-linear-gradient:compileReleaseShaders NO-SOURCE
> Task :expo-linear-gradient:generateReleaseAssets UP-TO-DATE
> Task :expo-linear-gradient:packageReleaseAssets UP-TO-DATE
> Task :expo-linear-gradient:prepareLintJarForPublish UP-TO-DATE
> Task :expo-linear-gradient:prepareReleaseArtProfile UP-TO-DATE
> Task :expo-linear-gradient:processReleaseJavaRes UP-TO-DATE
> Task :expo-linear-gradient:mergeReleaseJavaResource UP-TO-DATE
> Task :expo-linear-gradient:syncReleaseLibJars UP-TO-DATE
> Task :expo-linear-gradient:bundleReleaseLocalLintAar UP-TO-DATE
> Task :expo-splash-screen:mergeReleaseJniLibFolders UP-TO-DATE
> Task :expo-splash-screen:mergeReleaseNativeLibs NO-SOURCE
> Task :expo-splash-screen:stripReleaseDebugSymbols NO-SOURCE
> Task :expo-splash-screen:copyReleaseJniLibsProjectAndLocalJars UP-TO-DATE
> Task :expo-splash-screen:extractDeepLinksForAarRelease UP-TO-DATE
> Task :expo-splash-screen:extractReleaseAnnotations UP-TO-DATE
> Task :expo-splash-screen:mergeReleaseGeneratedProguardFiles UP-TO-DATE
> Task :expo-splash-screen:mergeReleaseConsumerProguardFiles UP-TO-DATE
> Task :expo-splash-screen:mergeReleaseShaders UP-TO-DATE
> Task :expo-splash-screen:compileReleaseShaders NO-SOURCE
> Task :expo-splash-screen:generateReleaseAssets UP-TO-DATE
> Task :expo-splash-screen:packageReleaseAssets UP-TO-DATE
> Task :expo-splash-screen:prepareLintJarForPublish UP-TO-DATE
> Task :expo-splash-screen:prepareReleaseArtProfile UP-TO-DATE
> Task :expo-splash-screen:processReleaseJavaRes UP-TO-DATE
> Task :expo-splash-screen:mergeReleaseJavaResource UP-TO-DATE
> Task :expo-splash-screen:syncReleaseLibJars UP-TO-DATE
> Task :expo-splash-screen:bundleReleaseLocalLintAar UP-TO-DATE
> Task :expo-modules-core:configureCMakeRelWithDebInfo[arm64-v8a]
> Task :expo-modules-core:buildCMakeRelWithDebInfo[arm64-v8a]
> Task :expo-modules-core:configureCMakeRelWithDebInfo[armeabi-v7a]
> Task :expo-modules-core:buildCMakeRelWithDebInfo[armeabi-v7a]
> Task :expo-modules-core:configureCMakeRelWithDebInfo[x86]
> Task :expo-modules-core:buildCMakeRelWithDebInfo[x86]
> Task :expo-modules-core:configureCMakeRelWithDebInfo[x86_64]
> Task :expo-modules-core:buildCMakeRelWithDebInfo[x86_64]
> Task :expo-modules-core:mergeReleaseJniLibFolders UP-TO-DATE
> Task :expo-modules-core:mergeReleaseNativeLibs UP-TO-DATE
> Task :expo-modules-core:stripReleaseDebugSymbols UP-TO-DATE
> Task :expo-modules-core:copyReleaseJniLibsProjectAndLocalJars UP-TO-DATE
> Task :expo-modules-core:extractDeepLinksForAarRelease UP-TO-DATE
> Task :expo-modules-core:extractReleaseAnnotations UP-TO-DATE
> Task :expo-modules-core:mergeReleaseGeneratedProguardFiles UP-TO-DATE
> Task :expo-modules-core:mergeReleaseConsumerProguardFiles UP-TO-DATE
> Task :expo-modules-core:mergeReleaseShaders UP-TO-DATE
> Task :expo-modules-core:compileReleaseShaders NO-SOURCE
> Task :expo-modules-core:generateReleaseAssets UP-TO-DATE
> Task :expo-modules-core:packageReleaseAssets UP-TO-DATE
> Task :expo-modules-core:prepareLintJarForPublish UP-TO-DATE
> Task :expo-modules-core:prepareReleaseArtProfile UP-TO-DATE
> Task :expo-modules-core:processReleaseJavaRes UP-TO-DATE
> Task :expo-modules-core:mergeReleaseJavaResource UP-TO-DATE
> Task :expo-modules-core:syncReleaseLibJars UP-TO-DATE
> Task :expo-modules-core:bundleReleaseLocalLintAar UP-TO-DATE
> Task :expo:extractProguardFiles UP-TO-DATE
> Task :expo:writeReleaseLintModelMetadata UP-TO-DATE
> Task :expo-asset:bundleLibRuntimeToJarRelease UP-TO-DATE
> Task :expo-asset:createFullJarRelease UP-TO-DATE
> Task :expo-asset:extractProguardFiles UP-TO-DATE
> Task :expo-asset:writeReleaseLintModelMetadata UP-TO-DATE
> Task :expo-modules-core:bundleLibRuntimeToJarRelease UP-TO-DATE
> Task :expo-modules-core:createFullJarRelease UP-TO-DATE
> Task :expo-modules-core:extractProguardFiles UP-TO-DATE
> Task :expo-modules-core:writeReleaseLintModelMetadata UP-TO-DATE
> Task :expo-modules-core:generateReleaseLintModel UP-TO-DATE
> Task :expo-asset:generateReleaseLintModel UP-TO-DATE
> Task :expo-camera:extractProguardFiles
> Task :expo-camera:writeReleaseLintModelMetadata
> Task :expo-constants:bundleLibRuntimeToJarRelease UP-TO-DATE
> Task :expo-constants:createFullJarRelease UP-TO-DATE
> Task :expo-constants:extractProguardFiles UP-TO-DATE
> Task :expo-constants:writeReleaseLintModelMetadata UP-TO-DATE
> Task :expo-constants:generateReleaseLintModel UP-TO-DATE
> Task :expo-file-system:bundleLibRuntimeToJarRelease UP-TO-DATE
> Task :expo-file-system:createFullJarRelease UP-TO-DATE
> Task :expo-file-system:extractProguardFiles UP-TO-DATE
> Task :expo-file-system:writeReleaseLintModelMetadata UP-TO-DATE
> Task :expo-file-system:generateReleaseLintModel UP-TO-DATE
> Task :expo-font:bundleLibRuntimeToJarRelease UP-TO-DATE
> Task :expo-font:createFullJarRelease UP-TO-DATE
> Task :expo-font:extractProguardFiles UP-TO-DATE
> Task :expo-font:writeReleaseLintModelMetadata UP-TO-DATE
> Task :expo-font:generateReleaseLintModel UP-TO-DATE
> Task :expo-keep-awake:bundleLibRuntimeToJarRelease UP-TO-DATE
> Task :expo-keep-awake:createFullJarRelease UP-TO-DATE
> Task :expo-keep-awake:extractProguardFiles UP-TO-DATE
> Task :expo-keep-awake:writeReleaseLintModelMetadata UP-TO-DATE
> Task :expo-keep-awake:generateReleaseLintModel UP-TO-DATE
> Task :expo-linear-gradient:bundleLibRuntimeToJarRelease UP-TO-DATE
> Task :expo-linear-gradient:createFullJarRelease UP-TO-DATE
> Task :expo-linear-gradient:extractProguardFiles UP-TO-DATE
> Task :expo-linear-gradient:writeReleaseLintModelMetadata UP-TO-DATE
> Task :expo-linear-gradient:generateReleaseLintModel UP-TO-DATE
> Task :expo-splash-screen:bundleLibRuntimeToJarRelease UP-TO-DATE
> Task :expo-splash-screen:createFullJarRelease UP-TO-DATE
> Task :expo-splash-screen:extractProguardFiles UP-TO-DATE
> Task :expo-splash-screen:writeReleaseLintModelMetadata UP-TO-DATE
> Task :expo-splash-screen:generateReleaseLintModel UP-TO-DATE
> Task :react-native-safe-area-context:bundleLibRuntimeToJarRelease UP-TO-DATE
> Task :react-native-safe-area-context:processReleaseJavaRes UP-TO-DATE
> Task :react-native-safe-area-context:createFullJarRelease UP-TO-DATE
> Task :react-native-safe-area-context:mergeReleaseJniLibFolders UP-TO-DATE
> Task :react-native-safe-area-context:mergeReleaseNativeLibs NO-SOURCE
> Task :react-native-safe-area-context:stripReleaseDebugSymbols NO-SOURCE
> Task :react-native-safe-area-context:copyReleaseJniLibsProjectAndLocalJars UP-TO-DATE
> Task :react-native-safe-area-context:extractDeepLinksForAarRelease UP-TO-DATE
> Task :react-native-safe-area-context:extractReleaseAnnotations UP-TO-DATE
> Task :react-native-safe-area-context:mergeReleaseGeneratedProguardFiles UP-TO-DATE
> Task :react-native-safe-area-context:mergeReleaseConsumerProguardFiles UP-TO-DATE
> Task :react-native-safe-area-context:mergeReleaseShaders UP-TO-DATE
> Task :react-native-safe-area-context:compileReleaseShaders NO-SOURCE
> Task :react-native-safe-area-context:generateReleaseAssets UP-TO-DATE
> Task :react-native-safe-area-context:packageReleaseAssets UP-TO-DATE
> Task :react-native-safe-area-context:prepareLintJarForPublish UP-TO-DATE
> Task :react-native-safe-area-context:prepareReleaseArtProfile UP-TO-DATE
> Task :react-native-safe-area-context:mergeReleaseJavaResource UP-TO-DATE
> Task :react-native-safe-area-context:syncReleaseLibJars UP-TO-DATE
> Task :react-native-safe-area-context:bundleReleaseLocalLintAar UP-TO-DATE
> Task :react-native-safe-area-context:extractProguardFiles UP-TO-DATE
> Task :react-native-safe-area-context:writeReleaseLintModelMetadata UP-TO-DATE
> Task :react-native-safe-area-context:generateReleaseLintModel UP-TO-DATE
> Task :react-native-svg:bundleLibRuntimeToJarRelease UP-TO-DATE
> Task :react-native-svg:processReleaseJavaRes NO-SOURCE
> Task :react-native-svg:createFullJarRelease UP-TO-DATE
> Task :react-native-svg:mergeReleaseJniLibFolders UP-TO-DATE
> Task :react-native-svg:mergeReleaseNativeLibs NO-SOURCE
> Task :react-native-svg:stripReleaseDebugSymbols NO-SOURCE
> Task :react-native-svg:copyReleaseJniLibsProjectAndLocalJars UP-TO-DATE
> Task :app:processReleaseManifestForPackage
> Task :react-native-svg:extractDeepLinksForAarRelease UP-TO-DATE
> Task :react-native-svg:extractReleaseAnnotations UP-TO-DATE
> Task :react-native-svg:mergeReleaseGeneratedProguardFiles UP-TO-DATE
> Task :react-native-svg:mergeReleaseConsumerProguardFiles UP-TO-DATE
> Task :react-native-svg:mergeReleaseShaders UP-TO-DATE
> Task :react-native-svg:compileReleaseShaders NO-SOURCE
> Task :react-native-svg:generateReleaseAssets UP-TO-DATE
> Task :react-native-svg:packageReleaseAssets UP-TO-DATE
> Task :react-native-svg:prepareLintJarForPublish UP-TO-DATE
> Task :react-native-svg:prepareReleaseArtProfile UP-TO-DATE
> Task :react-native-svg:mergeReleaseJavaResource UP-TO-DATE
> Task :react-native-svg:syncReleaseLibJars UP-TO-DATE
> Task :react-native-svg:bundleReleaseLocalLintAar UP-TO-DATE
> Task :react-native-svg:extractProguardFiles UP-TO-DATE
> Task :react-native-svg:writeReleaseLintModelMetadata UP-TO-DATE
> Task :react-native-svg:generateReleaseLintModel UP-TO-DATE
> Task :expo-asset:generateReleaseLintVitalModel UP-TO-DATE
> Task :expo-asset:lintVitalAnalyzeRelease UP-TO-DATE
> Task :expo-constants:generateReleaseLintVitalModel UP-TO-DATE
> Task :expo-constants:lintVitalAnalyzeRelease UP-TO-DATE
> Task :expo-file-system:generateReleaseLintVitalModel UP-TO-DATE
> Task :expo-file-system:lintVitalAnalyzeRelease UP-TO-DATE
> Task :expo-font:generateReleaseLintVitalModel UP-TO-DATE
> Task :expo-font:lintVitalAnalyzeRelease UP-TO-DATE
> Task :expo-keep-awake:generateReleaseLintVitalModel UP-TO-DATE
> Task :expo-keep-awake:lintVitalAnalyzeRelease UP-TO-DATE
> Task :expo-linear-gradient:generateReleaseLintVitalModel UP-TO-DATE
> Task :expo-linear-gradient:lintVitalAnalyzeRelease UP-TO-DATE
> Task :expo-modules-core:generateReleaseLintVitalModel UP-TO-DATE
> Task :expo-modules-core:lintVitalAnalyzeRelease UP-TO-DATE
> Task :expo-splash-screen:generateReleaseLintVitalModel UP-TO-DATE
> Task :expo-splash-screen:lintVitalAnalyzeRelease UP-TO-DATE
> Task :react-native-safe-area-context:generateReleaseLintVitalModel UP-TO-DATE
> Task :react-native-safe-area-context:lintVitalAnalyzeRelease UP-TO-DATE
> Task :react-native-svg:generateReleaseLintVitalModel UP-TO-DATE
> Task :react-native-svg:lintVitalAnalyzeRelease UP-TO-DATE
> Task :app:mergeReleaseJniLibFolders UP-TO-DATE
> Task :expo:copyReleaseJniLibsProjectOnly UP-TO-DATE
> Task :expo-asset:copyReleaseJniLibsProjectOnly UP-TO-DATE
> Task :expo-camera:copyReleaseJniLibsProjectOnly
> Task :expo-constants:copyReleaseJniLibsProjectOnly UP-TO-DATE
> Task :expo-file-system:copyReleaseJniLibsProjectOnly UP-TO-DATE
> Task :expo-font:copyReleaseJniLibsProjectOnly UP-TO-DATE
> Task :expo-keep-awake:copyReleaseJniLibsProjectOnly UP-TO-DATE
> Task :expo-linear-gradient:copyReleaseJniLibsProjectOnly UP-TO-DATE
> Task :expo-modules-core:copyReleaseJniLibsProjectOnly UP-TO-DATE
> Task :expo-splash-screen:copyReleaseJniLibsProjectOnly UP-TO-DATE
> Task :react-native-safe-area-context:copyReleaseJniLibsProjectOnly UP-TO-DATE
> Task :react-native-svg:copyReleaseJniLibsProjectOnly UP-TO-DATE
> Task :app:checkReleaseDuplicateClasses
> Task :app:mergeReleaseResources
> Task :app:desugarReleaseFileDependencies
> Task :app:mergeReleaseNativeLibs
> Task :app:stripReleaseDebugSymbols
> Task :app:processReleaseResources
> Task :app:mergeReleaseArtProfile UP-TO-DATE
> Task :app:mergeReleaseShaders UP-TO-DATE
> Task :app:compileReleaseShaders NO-SOURCE
> Task :app:generateReleaseAssets UP-TO-DATE
> Task :app:extractReleaseNativeSymbolTables
> Task :app:mergeReleaseAssets
> Task :app:mergeReleaseNativeDebugMetadata UP-TO-DATE
> Task :app:compressReleaseAssets
> Task :app:collectReleaseDependencies
> Task :app:sdkReleaseDependencyData
> Task :app:validateSigningRelease UP-TO-DATE
> Task :app:writeReleaseAppMetadata UP-TO-DATE
> Task :app:writeReleaseSigningConfigVersions UP-TO-DATE
> Task :expo:mapReleaseSourceSetPaths
> Task :app:mergeExtDexRelease

> Task :expo-camera:compileReleaseKotlin
w: file:///F:/workSpace2029/nulla/node_modules/expo-camera/android/src/main/java/expo/modules/camera/ExpoCameraView.kt:535:73 'getter for defaultDisplay: Display!' is deprecated. Deprecated in Java
w: file:///F:/workSpace2029/nulla/node_modules/expo-camera/android/src/main/java/expo/modules/camera/legacy/CameraViewHelper.kt:30:36 'get(Int, Int): CamcorderProfile!' is deprecated. Deprecated in Java
w: file:///F:/workSpace2029/nulla/node_modules/expo-camera/android/src/main/java/expo/modules/camera/legacy/CameraViewHelper.kt:32:49 'get(Int, Int): CamcorderProfile!' is deprecated. Deprecated in Java
w: file:///F:/workSpace2029/nulla/node_modules/expo-camera/android/src/main/java/expo/modules/camera/legacy/CameraViewHelper.kt:33:49 'get(Int, Int): CamcorderProfile!' is deprecated. Deprecated in Java
w: file:///F:/workSpace2029/nulla/node_modules/expo-camera/android/src/main/java/expo/modules/camera/legacy/CameraViewHelper.kt:34:48 'get(Int, Int): CamcorderProfile!' is deprecated. Deprecated in Java
w: file:///F:/workSpace2029/nulla/node_modules/expo-camera/android/src/main/java/expo/modules/camera/legacy/CameraViewHelper.kt:35:48 'get(Int, Int): CamcorderProfile!' is deprecated. Deprecated in Java
w: file:///F:/workSpace2029/nulla/node_modules/expo-camera/android/src/main/java/expo/modules/camera/legacy/CameraViewHelper.kt:37:36 'get(Int, Int): CamcorderProfile!' is deprecated. Deprecated in Java
w: file:///F:/workSpace2029/nulla/node_modules/expo-camera/android/src/main/java/expo/modules/camera/legacy/CameraViewLegacyModule.kt:81:85 'execute(vararg Void?): AsyncTask<Void?, Void?, Bundle?>!' is deprecated. Deprecated in Java
w: file:///F:/workSpace2029/nulla/node_modules/expo-camera/android/src/main/java/expo/modules/camera/legacy/ExifTags.kt:71:32 'TAG_ISO_SPEED_RATINGS: String' is deprecated. Deprecated in Java
w: file:///F:/workSpace2029/nulla/node_modules/expo-camera/android/src/main/java/expo/modules/camera/legacy/ExpoCameraView.kt:205:73 'getter for defaultDisplay: Display!' is deprecated. Deprecated in Java
w: file:///F:/workSpace2029/nulla/node_modules/expo-camera/android/src/main/java/expo/modules/camera/legacy/ExpoCameraView.kt:400:89 'execute(vararg Void?): AsyncTask<Void?, Void?, Bundle?>!' is deprecated. Deprecated in Java
w: file:///F:/workSpace2029/nulla/node_modules/expo-camera/android/src/main/java/expo/modules/camera/legacy/ExpoCameraView.kt:419:113 'execute(vararg Void?): AsyncTask<Void?, Void?, BarCodeScannerResult?>!' is deprecated. Deprecated in Java
w: file:///F:/workSpace2029/nulla/node_modules/expo-camera/android/src/main/java/expo/modules/camera/legacy/tasks/BarCodeScannerAsyncTask.kt:3:19 'AsyncTask<Params : Any!, Progress : Any!, Result : Any!>' is deprecated. Deprecated in Java
w: file:///F:/workSpace2029/nulla/node_modules/expo-camera/android/src/main/java/expo/modules/camera/legacy/tasks/BarCodeScannerAsyncTask.kt:15:5 'AsyncTask<Params : Any!, Progress : Any!, Result : Any!>' is deprecated. Deprecated in Java
w: file:///F:/workSpace2029/nulla/node_modules/expo-camera/android/src/main/java/expo/modules/camera/legacy/tasks/BarCodeScannerAsyncTask.kt:15:5 'constructor AsyncTask<Params : Any!, Progress : Any!, Result : Any!>()' is deprecated. Deprecated in Java
w: file:///F:/workSpace2029/nulla/node_modules/expo-camera/android/src/main/java/expo/modules/camera/legacy/tasks/BarCodeScannerAsyncTask.kt:16:60 'getter for isCancelled: Boolean' is deprecated. Deprecated in Java
w: file:///F:/workSpace2029/nulla/node_modules/expo-camera/android/src/main/java/expo/modules/camera/legacy/tasks/BarCodeScannerAsyncTask.kt:23:11 'onPostExecute(Result!): Unit' is deprecated. Deprecated in Java
w: file:///F:/workSpace2029/nulla/node_modules/expo-camera/android/src/main/java/expo/modules/camera/legacy/tasks/FaceDetectorTask.kt:27:9 Parameter 'error' is never used, could be renamed to _
w: file:///F:/workSpace2029/nulla/node_modules/expo-camera/android/src/main/java/expo/modules/camera/legacy/tasks/FaceDetectorTask.kt:31:9 Parameter 'skippedReason' is never used, could be renamed to _
w: file:///F:/workSpace2029/nulla/node_modules/expo-camera/android/src/main/java/expo/modules/camera/legacy/tasks/ResolveTakenPictureAsyncTask.kt:8:19 'AsyncTask<Params : Any!, Progress : Any!, Result : Any!>' is deprecated. Deprecated in Java
w: file:///F:/workSpace2029/nulla/node_modules/expo-camera/android/src/main/java/expo/modules/camera/legacy/tasks/ResolveTakenPictureAsyncTask.kt:47:5 'AsyncTask<Params : Any!, Progress : Any!, Result : Any!>' is deprecated. Deprecated in Java
w: file:///F:/workSpace2029/nulla/node_modules/expo-camera/android/src/main/java/expo/modules/camera/legacy/tasks/ResolveTakenPictureAsyncTask.kt:47:5 'constructor AsyncTask<Params : Any!, Progress : Any!, Result : Any!>()' is deprecated. Deprecated in Java
w: file:///F:/workSpace2029/nulla/node_modules/expo-camera/android/src/main/java/expo/modules/camera/legacy/tasks/ResolveTakenPictureAsyncTask.kt:123:32 Type mismatch: inferred type is String? but String was expected
w: file:///F:/workSpace2029/nulla/node_modules/expo-camera/android/src/main/java/expo/modules/camera/legacy/tasks/ResolveTakenPictureAsyncTask.kt:155:30 Type mismatch: inferred type is String? but String was expected
w: file:///F:/workSpace2029/nulla/node_modules/expo-camera/android/src/main/java/expo/modules/camera/legacy/tasks/ResolveTakenPictureAsyncTask.kt:191:11 'onPostExecute(Result!): Unit' is deprecated. Deprecated in Java
w: file:///F:/workSpace2029/nulla/node_modules/expo-camera/android/src/main/java/expo/modules/camera/tasks/ResolveTakenPicture.kt:146:32 Type mismatch: inferred type is String? but String was expected

> Task :expo:mergeReleaseResources
> Task :expo-camera:compileReleaseJavaWithJavac
> Task :expo-camera:extractReleaseAnnotations
> Task :expo-camera:mergeReleaseGeneratedProguardFiles
> Task :expo-camera:mergeReleaseConsumerProguardFiles
> Task :expo-camera:bundleLibCompileToJarRelease
> Task :expo-camera:processReleaseJavaRes
> Task :expo-camera:bundleLibRuntimeToJarRelease
> Task :expo-camera:mergeReleaseJavaResource
> Task :expo-camera:generateReleaseLintVitalModel
> Task :expo-camera:syncReleaseLibJars
> Task :expo-camera:bundleReleaseLocalLintAar
> Task :expo-camera:createFullJarRelease
> Task :expo:compileReleaseKotlin
> Task :expo-camera:generateReleaseLintModel
> Task :expo:compileReleaseJavaWithJavac
> Task :expo:processReleaseJavaRes UP-TO-DATE
> Task :expo:extractReleaseAnnotations
> Task :expo:bundleLibRuntimeToJarRelease
> Task :expo:bundleLibCompileToJarRelease
> Task :expo:mergeReleaseGeneratedProguardFiles UP-TO-DATE
> Task :expo:createFullJarRelease
> Task :expo:mergeReleaseConsumerProguardFiles UP-TO-DATE
> Task :expo:mergeReleaseJavaResource UP-TO-DATE
> Task :expo:syncReleaseLibJars
> Task :expo:bundleReleaseLocalLintAar
> Task :app:compileReleaseKotlin
> Task :expo:generateReleaseLintVitalModel
> Task :app:compileReleaseJavaWithJavac
> Task :expo:generateReleaseLintModel
> Task :app:generateReleaseLintVitalReportModel
> Task :app:dexBuilderRelease
> Task :app:processReleaseJavaRes UP-TO-DATE
> Task :expo:bundleReleaseAar
> Task :expo-asset:bundleReleaseAar UP-TO-DATE
> Task :expo-asset:mapReleaseSourceSetPaths UP-TO-DATE
> Task :app:mergeReleaseGlobalSynthetics
> Task :expo-asset:mergeReleaseResources UP-TO-DATE
> Task :expo-asset:verifyReleaseResources UP-TO-DATE
> Task :expo-asset:assembleRelease UP-TO-DATE
> Task :expo-camera:bundleReleaseAar
> Task :expo-camera:mapReleaseSourceSetPaths
> Task :app:lintVitalAnalyzeRelease
> Task :app:mergeDexRelease
> Task :expo:verifyReleaseResources
> Task :app:mergeReleaseJavaResource
> Task :expo:lintVitalAnalyzeRelease
> Task :app:optimizeReleaseResources
> Task :expo-camera:mergeReleaseResources
> Task :expo:assembleRelease
> Task :expo-constants:bundleReleaseAar UP-TO-DATE
> Task :expo-constants:mapReleaseSourceSetPaths UP-TO-DATE
> Task :expo-constants:mergeReleaseResources UP-TO-DATE
> Task :expo-constants:verifyReleaseResources UP-TO-DATE
> Task :expo-constants:assembleRelease UP-TO-DATE
> Task :expo-file-system:bundleReleaseAar UP-TO-DATE
> Task :expo-file-system:mapReleaseSourceSetPaths UP-TO-DATE
> Task :expo-file-system:mergeReleaseResources UP-TO-DATE
> Task :expo-file-system:verifyReleaseResources UP-TO-DATE
> Task :expo-file-system:assembleRelease UP-TO-DATE
> Task :expo-font:bundleReleaseAar UP-TO-DATE
> Task :expo-font:mapReleaseSourceSetPaths UP-TO-DATE
> Task :expo-font:mergeReleaseResources UP-TO-DATE
> Task :expo-font:verifyReleaseResources UP-TO-DATE
> Task :expo-font:assembleRelease UP-TO-DATE
> Task :expo-keep-awake:bundleReleaseAar UP-TO-DATE
> Task :expo-keep-awake:mapReleaseSourceSetPaths UP-TO-DATE
> Task :expo-keep-awake:mergeReleaseResources UP-TO-DATE
> Task :expo-keep-awake:verifyReleaseResources UP-TO-DATE
> Task :expo-keep-awake:assembleRelease UP-TO-DATE
> Task :expo-linear-gradient:bundleReleaseAar UP-TO-DATE
> Task :expo-linear-gradient:mapReleaseSourceSetPaths UP-TO-DATE
> Task :expo-linear-gradient:mergeReleaseResources UP-TO-DATE
> Task :expo-linear-gradient:verifyReleaseResources UP-TO-DATE
> Task :expo-linear-gradient:assembleRelease UP-TO-DATE
> Task :expo-modules-core:bundleReleaseAar UP-TO-DATE
> Task :expo-modules-core:mapReleaseSourceSetPaths UP-TO-DATE
> Task :app:compileReleaseArtProfile
> Task :expo-modules-core:mergeReleaseResources UP-TO-DATE
> Task :expo-modules-core:verifyReleaseResources UP-TO-DATE
> Task :expo-modules-core:assembleRelease UP-TO-DATE
> Task :expo-splash-screen:bundleReleaseAar UP-TO-DATE
> Task :expo-splash-screen:mapReleaseSourceSetPaths UP-TO-DATE
> Task :expo-splash-screen:mergeReleaseResources UP-TO-DATE
> Task :expo-splash-screen:verifyReleaseResources UP-TO-DATE
> Task :expo-splash-screen:assembleRelease UP-TO-DATE
> Task :react-native-safe-area-context:bundleReleaseAar UP-TO-DATE
> Task :react-native-safe-area-context:mapReleaseSourceSetPaths UP-TO-DATE
> Task :react-native-safe-area-context:mergeReleaseResources UP-TO-DATE
> Task :react-native-safe-area-context:verifyReleaseResources UP-TO-DATE
> Task :react-native-safe-area-context:assembleRelease UP-TO-DATE
> Task :react-native-svg:bundleReleaseAar UP-TO-DATE
> Task :react-native-svg:mapReleaseSourceSetPaths UP-TO-DATE
> Task :react-native-svg:mergeReleaseResources UP-TO-DATE
> Task :react-native-svg:verifyReleaseResources UP-TO-DATE
> Task :react-native-svg:assembleRelease UP-TO-DATE
> Task :expo-camera:lintVitalAnalyzeRelease
> Task :app:packageRelease
> Task :app:createReleaseApkListingFileRedirect UP-TO-DATE
> Task :expo-camera:verifyReleaseResources
> Task :app:lintVitalReportRelease
> Task :expo-camera:assembleRelease
> Task :app:lintVitalRelease
> Task :app:assembleRelease

Deprecated Gradle features were used in this build, making it incompatible with Gradle 9.0.

You can use '--warning-mode all' to show the individual deprecation warnings and determine if they come from your own scripts or plugins.

For more on this, please refer to https://docs.gradle.org/8.8/userguide/command_line_interface.html#sec:command_line_warnings in the Gradle documentation.

BUILD SUCCESSFUL in 2m 8s
550 actionable tasks: 111 executed, 439 up-to-date
