Starting project at F:\workSpace2029\nulla
Starting Metro Bundler
Waiting on http://localhost:19019
Logs for your project will appear below.
Web Bundled 4092ms F:\workSpace2029\nulla\node_modules\expo\AppEntry.js (431 modules)
Web Bundled 17ms F:\workSpace2029\nulla\node_modules\expo\AppEntry.js (1 module)
Web Bundled 21ms F:\workSpace2029\nulla\node_modules\expo\AppEntry.js (1 module)
Web Bundled 62ms F:\workSpace2029\nulla\node_modules\expo\AppEntry.js (1 module)
Web Bundled 280ms F:\workSpace2029\nulla\node_modules\expo\AppEntry.js (1 module)
Web Bundled 28ms F:\workSpace2029\nulla\node_modules\expo\AppEntry.js (1 module)
Web Bundled 76ms F:\workSpace2029\nulla\node_modules\expo\AppEntry.js (1 module)
Web Bundled 13ms F:\workSpace2029\nulla\node_modules\expo\AppEntry.js (1 module)
Web Bundled 207ms F:\workSpace2029\nulla\node_modules\expo\AppEntry.js (1 module)
Web Bundled 24ms F:\workSpace2029\nulla\node_modules\expo\AppEntry.js (1 module)
Web Bundled 202ms F:\workSpace2029\nulla\node_modules\expo\AppEntry.js (1 module)
Web Bundled 25ms F:\workSpace2029\nulla\node_modules\expo\AppEntry.js (1 module)
Web Bundled 249ms F:\workSpace2029\nulla\node_modules\expo\AppEntry.js (1 module)
Web Bundled 14ms F:\workSpace2029\nulla\node_modules\expo\AppEntry.js (1 module)
Web Bundled 89ms F:\workSpace2029\nulla\node_modules\expo\AppEntry.js (1 module)
Web Bundled 15ms F:\workSpace2029\nulla\node_modules\expo\AppEntry.js (1 module)
Web Bundled 113ms F:\workSpace2029\nulla\node_modules\expo\AppEntry.js (1 module)
Web Bundled 84ms F:\workSpace2029\nulla\node_modules\expo\AppEntry.js (1 module)
Web Bundled 270ms F:\workSpace2029\nulla\node_modules\expo\AppEntry.js (1 module)
Web Bundled 80ms F:\workSpace2029\nulla\node_modules\expo\AppEntry.js (1 module)
Web Bundled 160ms F:\workSpace2029\nulla\node_modules\expo\AppEntry.js (1 module)
Web Bundled 126ms F:\workSpace2029\nulla\node_modules\expo\AppEntry.js (1 module)
Web Bundled 13ms F:\workSpace2029\nulla\node_modules\expo\AppEntry.js (1 module)
Web Bundled 149ms F:\workSpace2029\nulla\node_modules\expo\AppEntry.js (1 module)
Web Bundled 318ms F:\workSpace2029\nulla\node_modules\expo\AppEntry.js (1 module)
Web Bundled 582ms F:\workSpace2029\nulla\node_modules\expo\AppEntry.js (1 module)
Web Bundled 204ms F:\workSpace2029\nulla\node_modules\expo\AppEntry.js (1 module)
Web Bundled 795ms F:\workSpace2029\nulla\node_modules\expo\AppEntry.js (1 module)
